RangeError: Invalid time value
    at ew (d:\garcezpalha\.next\server\chunks\7842.js:2:19420)
    at d:\garcezpalha\.next\server\app\(marketing)\blog\page.js:1:7974
    at Array.map (<anonymous>)
    at j (d:\garcezpalha\.next\server\app\(marketing)\blog\page.js:1:6825)
    at runNextTicks (node:internal/process/task_queues:65:5)
    at listOnTimeout (node:internal/timers:549:9)
    at process.processTimers (node:internal/timers:523:7) {
  digest: '3441685329'
}

Error occurred prerendering page "/blog". Read more: https://nextjs.org/docs/messages/prerender-error

RangeError: Invalid time value
    at ew (d:\garcezpalha\.next\server\chunks\7842.js:2:19420)
    at d:\garcezpalha\.next\server\app\(marketing)\blog\page.js:1:7974
    at Array.map (<anonymous>)
    at j (d:\garcezpalha\.next\server\app\(marketing)\blog\page.js:1:6825)
RangeError: Invalid time value
    at ew (d:\garcezpalha\.next\server\chunks\7842.js:2:19420)
    at C (d:\garcezpalha\.next\server\app\(marketing)\blog\[slug]\page.js:1:3912)
    at runNextTicks (node:internal/process/task_queues:65:5)
    at listOnTimeout (node:internal/timers:549:9)
    at process.processTimers (node:internal/timers:523:7) {
  digest: '639409980'
}
RangeError: Invalid time value
    at ew (d:\garcezpalha\.next\server\chunks\7842.js:2:19420)
    at C (d:\garcezpalha\.next\server\app\(marketing)\blog\[slug]\page.js:1:3912) {
  digest: '3298526042'
}

Error occurred prerendering page "/blog/acao-despejo-guia-completo". Read more: https://nextjs.org/docs/messages/prerender-error

RangeError: Invalid time value
    at ew (d:\garcezpalha\.next\server\chunks\7842.js:2:19420)
    at C (d:\garcezpalha\.next\server\app\(marketing)\blog\[slug]\page.js:1:3912)
    at runNextTicks (node:internal/process/task_queues:65:5)
    at listOnTimeout (node:internal/timers:549:9)
    at process.processTimers (node:internal/timers:523:7)
RangeError: Invalid time value
    at ew (d:\garcezpalha\.next\server\chunks\7842.js:2:19420)
    at C (d:\garcezpalha\.next\server\app\(marketing)\blog\[slug]\page.js:1:3912) {
  digest: '3298526042'
}
RangeError: Invalid time value
    at ew (d:\garcezpalha\.next\server\chunks\7842.js:2:19420)
    at C (d:\garcezpalha\.next\server\app\(marketing)\blog\[slug]\page.js:1:3912)
    at runNextTicks (node:internal/process/task_queues:65:5)
    at listOnTimeout (node:internal/timers:549:9)
    at process.processTimers (node:internal/timers:523:7) {
  digest: '639409980'
}

Error occurred prerendering page "/blog/contrato-locacao-guia-completo". Read more: https://nextjs.org/docs/messages/prerender-error

RangeError: Invalid time value
    at ew (d:\garcezpalha\.next\server\chunks\7842.js:2:19420)
    at C (d:\garcezpalha\.next\server\app\(marketing)\blog\[slug]\page.js:1:3912)
RangeError: Invalid time value
    at ew (d:\garcezpalha\.next\server\chunks\7842.js:2:19420)
    at C (d:\garcezpalha\.next\server\app\(marketing)\blog\[slug]\page.js:1:3912) {
  digest: '3298526042'
}
RangeError: Invalid time value
    at ew (d:\garcezpalha\.next\server\chunks\7842.js:2:19420)
    at C (d:\garcezpalha\.next\server\app\(marketing)\blog\[slug]\page.js:1:3912)
    at runNextTicks (node:internal/process/task_queues:65:5)
    at listOnTimeout (node:internal/timers:549:9)
    at process.processTimers (node:internal/timers:523:7) {
  digest: '639409980'
}

Error occurred prerendering page "/blog/golpes-imobiliarios-como-evitar". Read more: https://nextjs.org/docs/messages/prerender-error

RangeError: Invalid time value
    at ew (d:\garcezpalha\.next\server\chunks\7842.js:2:19420)
    at C (d:\garcezpalha\.next\server\app\(marketing)\blog\[slug]\page.js:1:3912)
RangeError: Invalid time value
    at ew (d:\garcezpalha\.next\server\chunks\7842.js:2:19420)
    at C (d:\garcezpalha\.next\server\app\(marketing)\blog\[slug]\page.js:1:3912)
    at runNextTicks (node:internal/process/task_queues:65:5)
    at listOnTimeout (node:internal/timers:549:9)
    at process.processTimers (node:internal/timers:523:7) {
  digest: '639409980'
}
RangeError: Invalid time value
    at ew (d:\garcezpalha\.next\server\chunks\7842.js:2:19420)
    at C (d:\garcezpalha\.next\server\app\(marketing)\blog\[slug]\page.js:1:3912) {
  digest: '3298526042'
}

Error occurred prerendering page "/blog/inventario-partilha-bens-heranca". Read more: https://nextjs.org/docs/messages/prerender-error

RangeError: Invalid time value
    at ew (d:\garcezpalha\.next\server\chunks\7842.js:2:19420)
    at C (d:\garcezpalha\.next\server\app\(marketing)\blog\[slug]\page.js:1:3912)
    at runNextTicks (node:internal/process/task_queues:65:5)
    at listOnTimeout (node:internal/timers:549:9)
    at process.processTimers (node:internal/timers:523:7)
RangeError: Invalid time value
    at ew (d:\garcezpalha\.next\server\chunks\7842.js:2:19420)
    at C (d:\garcezpalha\.next\server\app\(marketing)\blog\[slug]\page.js:1:3912) {
  digest: '3298526042'
}
RangeError: Invalid time value
    at ew (d:\garcezpalha\.next\server\chunks\7842.js:2:19420)
    at C (d:\garcezpalha\.next\server\app\(marketing)\blog\[slug]\page.js:1:3912)
    at runNextTicks (node:internal/process/task_queues:65:5)
    at listOnTimeout (node:internal/timers:549:9)
    at process.processTimers (node:internal/timers:523:7) {
  digest: '639409980'
}

Error occurred prerendering page "/blog/prisao-flagrante-direitos-procedimento". Read more: https://nextjs.org/docs/messages/prerender-error

RangeError: Invalid time value
    at ew (d:\garcezpalha\.next\server\chunks\7842.js:2:19420)
    at C (d:\garcezpalha\.next\server\app\(marketing)\blog\[slug]\page.js:1:3912)
RangeError: Invalid time value
    at ew (d:\garcezpalha\.next\server\chunks\7842.js:2:19420)
    at C (d:\garcezpalha\.next\server\app\(marketing)\blog\[slug]\page.js:1:3912) {
  digest: '3298526042'
}
RangeError: Invalid time value
    at ew (d:\garcezpalha\.next\server\chunks\7842.js:2:19420)
    at C (d:\garcezpalha\.next\server\app\(marketing)\blog\[slug]\page.js:1:3912)
    at runNextTicks (node:internal/process/task_queues:65:5)
    at listOnTimeout (node:internal/timers:549:9)
    at process.processTimers (node:internal/timers:523:7) {
  digest: '639409980'
}

Error occurred prerendering page "/blog/rescisao-contrato-trabalho-verbas-rescisarias". Read more: https://nextjs.org/docs/messages/prerender-error

RangeError: Invalid time value
    at ew (d:\garcezpalha\.next\server\chunks\7842.js:2:19420)
    at C (d:\garcezpalha\.next\server\app\(marketing)\blog\[slug]\page.js:1:3912)
 ✓ Generating static pages (298/298)

> Export encountered errors on following paths:
	/(marketing)/blog/[slug]/page: /blog/acao-despejo-guia-completo
	/(marketing)/blog/[slug]/page: /blog/contrato-locacao-guia-completo
	/(marketing)/blog/[slug]/page: /blog/golpes-imobiliarios-como-evitar
	/(marketing)/blog/[slug]/page: /blog/inventario-partilha-bens-heranca
	/(marketing)/blog/[slug]/page: /blog/prisao-flagrante-direitos-procedimento
	/(marketing)/blog/[slug]/page: /blog/rescisao-contrato-trabalho-verbas-rescisarias
	/(marketing)/blog/page: /blog
	/_error: /404
	/_error: /500
